// Jest Snapshot v1, https://goo.gl/fbAQLP

exports[`NavMenu renders correctly 1`] = `
<div>
  <header
    class="usa-header usa-header--basic"
    data-testid="header"
  >
    <div
      class="usa-nav-container"
    >
      <div
        class="usa-navbar"
      >
        <div
          class="usa-logo"
        >
          <em
            class="usa-logo__text"
          >
            <a
              href="/"
            >
              VaccineScheduler
            </a>
          </em>
        </div>
      </div>
      <nav
        aria-label="Primary navigation"
        class="usa-nav"
      >
        <button
          class="usa-nav__close"
          data-testid="navCloseButton"
          type="button"
        >
          <img
            alt="close"
            src="data:image/svg+xml;base64,PD94bWwgdmVyc2lvbj0iMS4wIiBlbmNvZGluZz0iVVRGLTgiPz48c3ZnIHhtbG5zPSJodHRwOi8vd3d3LnczLm9yZy8yMDAwL3N2ZyIgd2lkdGg9IjY0IiBoZWlnaHQ9IjY0IiB2aWV3Qm94PSIwIDAgNjQgNjQiPjx0aXRsZT5jbG9zZTwvdGl0bGU+PHBhdGggZmlsbD0iIzU2NUM2NSIgZmlsbC1ydWxlPSJldmVub2RkIiBkPSJNNTcuMDQyIDEuMTVsNS44MDkgNS44MDhhNCA0IDAgMCAxIDAgNS42NTdMNDMuNDY1IDMybDE5LjM4NiAxOS4zODVhNCA0IDAgMCAxIDAgNS42NTdsLTUuODA5IDUuODA5YTQgNCAwIDAgMS01LjY1NyAwTDMyIDQzLjQ2NSAxMi42MTUgNjIuODUxYTQgNCAwIDAgMS01LjY1NyAwbC01LjgwOS01LjgwOWE0IDQgMCAwIDEgMC01LjY1N0wyMC41MzUgMzIgMS4xNDkgMTIuNjE1YTQgNCAwIDAgMSAwLTUuNjU3bDUuODA5LTUuODA5YTQgNCAwIDAgMSA1LjY1NyAwTDMyIDIwLjUzNSA1MS4zODUgMS4xNDlhNCA0IDAgMCAxIDUuNjU3IDB6Ii8+PC9zdmc+"
          />
        </button>
        <ul
          class="usa-nav__primary usa-accordion"
        >
          <li
            class="usa-nav__primary-item"
          >
            <a
              aria-current="page"
              class="active"
              href="/"
            >
              Home
            </a>
          </li>
          <li
            class="usa-nav__primary-item"
          >
            <a
              href="/finder"
            >
              Finder
            </a>
          </li>
          <li
            class="usa-nav__primary-item"
          >
            <a
              href="/sources"
            >
              Sources
            </a>
          </li>
          <li
            class="usa-nav__primary-item"
          >
            <a
              href="/validate"
            >
              Validate
            </a>
          </li>
        </ul>
      </nav>
    </div>
  </header>
</div>
`;
